[sirius-solutions-hub.lovable.app/index.html]
[backblue.gif]
[fade.gif]
[index.html]
[sirius-solutions-hub.lovable.app/assets/styles-DHmGTXIn.css]
[sirius-solutions-hub.lovable.app/assets/index-COQ1tILS.js]
[sirius-solutions-hub.lovable.app/assets/routes-BrZ7XKJC.js]
[sirius-solutions-hub.lovable.app/assets/CtaBand-DfqLQDGm.js]
[sirius-solutions-hub.lovable.app/assets/check-DhEmwevW.js]
[sirius-solutions-hub.lovable.app/favicon.ico]
[sirius-solutions-hub.lovable.app/_flock.js]
[sirius-solutions-hub.lovable.app/industries.html]
[sirius-solutions-hub.lovable.app/about.html]
[sirius-solutions-hub.lovable.app/contact.html]
[sirius-solutions-hub.lovable.app/services/website-development.html]
[sirius-solutions-hub.lovable.app/services/mobile-app-development.html]
[sirius-solutions-hub.lovable.app/services/ui-ux-design.html]
[sirius-solutions-hub.lovable.app/services/software-development.html]
[sirius-solutions-hub.lovable.app/services/ecommerce-development.html]
[sirius-solutions-hub.lovable.app/services/digital-marketing.html]
[sirius-solutions-hub.lovable.app/services.html]
[sirius-solutions-hub.lovable.app/services/bpo-services.html]
[sirius-solutions-hub.lovable.app/services/dedicated-teams.html]
[sirius-solutions-hub.lovable.app/index.html]
[sirius-solutions-hub.lovable.app/assets/styles-DHmGTXIn.css]
[sirius-solutions-hub.lovable.app/services/it-consulting.html]
[sirius-solutions-hub.lovable.app/assets/industries-0YwL8UA4.js]
[sirius-solutions-hub.lovable.app/industries.html]
[sirius-solutions-hub.lovable.app/assets/PageHeader-CLm1LIVe.js]
[sirius-solutions-hub.lovable.app/about.html]
[sirius-solutions-hub.lovable.app/assets/about-DXW_ipzr.js]
[sirius-solutions-hub.lovable.app/contact.html]
[sirius-solutions-hub.lovable.app/assets/contact-CDf_4V6H.js]
[sirius-solutions-hub.lovable.app/services/website-development.html]
[sirius-solutions-hub.lovable.app/services/mobile-app-development.html]
[sirius-solutions-hub.lovable.app/services/ui-ux-design.html]
[sirius-solutions-hub.lovable.app/services/software-development.html]
[sirius-solutions-hub.lovable.app/services/ecommerce-development.html]
[sirius-solutions-hub.lovable.app/services/digital-marketing.html]
[sirius-solutions-hub.lovable.app/assets/services._slug-DADZ3Nks.js]
[sirius-solutions-hub.lovable.app/services.html]
[sirius-solutions-hub.lovable.app/services/bpo-services.html]
[sirius-solutions-hub.lovable.app/services/dedicated-teams.html]
[sirius-solutions-hub.lovable.app/services/it-consulting.html]
[sirius-solutions-hub.lovable.app/assets/services.index-BVHV4po3.js]
